---
source: crates/graphmap/tests/test_serde.rs
expression: graph
---
{
  "nodes": [
    0,
    1,
    2,
    3,
    4,
    5,
    42
  ],
  "node_holes": [],
  "edge_property": "directed",
  "edges": [
    [
      0,
      1,
      7
    ],
    [
      2,
      0,
      9
    ],
    [
      0,
      3,
      14
    ],
    [
      1,
      2,
      10
    ],
    [
      3,
      2,
      2
    ],
    [
      3,
      4,
      9
    ],
    [
      1,
      5,
      15
    ],
    [
      2,
      5,
      11
    ],
    [
      4,
      5,
      6
    ]
  ]
}
